Created by PLY version 3.11 (http://www.dabeaz.com/ply)

Grammar

Rule 0     S' -> linea
Rule 1     linea -> TABLE_DUMP2 PIPE TIMESTAMP PIPE STATE PIPE IP PIPE AS_NUMBER PIPE PREFIX PIPE as_path
Rule 2     as_path -> as_path AS_NUMBER
Rule 3     as_path -> as_path TIMESTAMP
Rule 4     as_path -> AS_NUMBER
Rule 5     as_path -> TIMESTAMP

Terminals, with rules where they appear

AS_NUMBER            : 1 2 4
IP                   : 1
PIPE                 : 1 1 1 1 1 1
PREFIX               : 1
STATE                : 1
TABLE_DUMP2          : 1
TIMESTAMP            : 1 3 5
error                : 

Nonterminals, with rules where they appear

as_path              : 1 2 3
linea                : 0

Parsing method: LALR

state 0

    (0) S' -> . linea
    (1) linea -> . TABLE_DUMP2 PIPE TIMESTAMP PIPE STATE PIPE IP PIPE AS_NUMBER PIPE PREFIX PIPE as_path

    TABLE_DUMP2     shift and go to state 2

    linea                          shift and go to state 1

state 1

    (0) S' -> linea .



state 2

    (1) linea -> TABLE_DUMP2 . PIPE TIMESTAMP PIPE STATE PIPE IP PIPE AS_NUMBER PIPE PREFIX PIPE as_path

    PIPE            shift and go to state 3


state 3

    (1) linea -> TABLE_DUMP2 PIPE . TIMESTAMP PIPE STATE PIPE IP PIPE AS_NUMBER PIPE PREFIX PIPE as_path

    TIMESTAMP       shift and go to state 4


state 4

    (1) linea -> TABLE_DUMP2 PIPE TIMESTAMP . PIPE STATE PIPE IP PIPE AS_NUMBER PIPE PREFIX PIPE as_path

    PIPE            shift and go to state 5


state 5

    (1) linea -> TABLE_DUMP2 PIPE TIMESTAMP PIPE . STATE PIPE IP PIPE AS_NUMBER PIPE PREFIX PIPE as_path

    STATE           shift and go to state 6


state 6

    (1) linea -> TABLE_DUMP2 PIPE TIMESTAMP PIPE STATE . PIPE IP PIPE AS_NUMBER PIPE PREFIX PIPE as_path

    PIPE            shift and go to state 7


state 7

    (1) linea -> TABLE_DUMP2 PIPE TIMESTAMP PIPE STATE PIPE . IP PIPE AS_NUMBER PIPE PREFIX PIPE as_path

    IP              shift and go to state 8


state 8

    (1) linea -> TABLE_DUMP2 PIPE TIMESTAMP PIPE STATE PIPE IP . PIPE AS_NUMBER PIPE PREFIX PIPE as_path

    PIPE            shift and go to state 9


state 9

    (1) linea -> TABLE_DUMP2 PIPE TIMESTAMP PIPE STATE PIPE IP PIPE . AS_NUMBER PIPE PREFIX PIPE as_path

    AS_NUMBER       shift and go to state 10


state 10

    (1) linea -> TABLE_DUMP2 PIPE TIMESTAMP PIPE STATE PIPE IP PIPE AS_NUMBER . PIPE PREFIX PIPE as_path

    PIPE            shift and go to state 11


state 11

    (1) linea -> TABLE_DUMP2 PIPE TIMESTAMP PIPE STATE PIPE IP PIPE AS_NUMBER PIPE . PREFIX PIPE as_path

    PREFIX          shift and go to state 12


state 12

    (1) linea -> TABLE_DUMP2 PIPE TIMESTAMP PIPE STATE PIPE IP PIPE AS_NUMBER PIPE PREFIX . PIPE as_path

    PIPE            shift and go to state 13


state 13

    (1) linea -> TABLE_DUMP2 PIPE TIMESTAMP PIPE STATE PIPE IP PIPE AS_NUMBER PIPE PREFIX PIPE . as_path
    (2) as_path -> . as_path AS_NUMBER
    (3) as_path -> . as_path TIMESTAMP
    (4) as_path -> . AS_NUMBER
    (5) as_path -> . TIMESTAMP

    AS_NUMBER       shift and go to state 15
    TIMESTAMP       shift and go to state 14

    as_path                        shift and go to state 16

state 14

    (5) as_path -> TIMESTAMP .

    AS_NUMBER       reduce using rule 5 (as_path -> TIMESTAMP .)
    TIMESTAMP       reduce using rule 5 (as_path -> TIMESTAMP .)
    $end            reduce using rule 5 (as_path -> TIMESTAMP .)


state 15

    (4) as_path -> AS_NUMBER .

    AS_NUMBER       reduce using rule 4 (as_path -> AS_NUMBER .)
    TIMESTAMP       reduce using rule 4 (as_path -> AS_NUMBER .)
    $end            reduce using rule 4 (as_path -> AS_NUMBER .)


state 16

    (1) linea -> TABLE_DUMP2 PIPE TIMESTAMP PIPE STATE PIPE IP PIPE AS_NUMBER PIPE PREFIX PIPE as_path .
    (2) as_path -> as_path . AS_NUMBER
    (3) as_path -> as_path . TIMESTAMP

    $end            reduce using rule 1 (linea -> TABLE_DUMP2 PIPE TIMESTAMP PIPE STATE PIPE IP PIPE AS_NUMBER PIPE PREFIX PIPE as_path .)
    AS_NUMBER       shift and go to state 18
    TIMESTAMP       shift and go to state 17


state 17

    (3) as_path -> as_path TIMESTAMP .

    AS_NUMBER       reduce using rule 3 (as_path -> as_path TIMESTAMP .)
    TIMESTAMP       reduce using rule 3 (as_path -> as_path TIMESTAMP .)
    $end            reduce using rule 3 (as_path -> as_path TIMESTAMP .)


state 18

    (2) as_path -> as_path AS_NUMBER .

    AS_NUMBER       reduce using rule 2 (as_path -> as_path AS_NUMBER .)
    TIMESTAMP       reduce using rule 2 (as_path -> as_path AS_NUMBER .)
    $end            reduce using rule 2 (as_path -> as_path AS_NUMBER .)

